---
source: tui/src/stateful_memory_tests.rs
expression: "render(super::scope_lines(&response,\ncrate::stateful_memory_commands::scope_acknowledgement(&response,\nStatefulMemoryScopeAction::Leave, None)))"
---
Left the previous investigation. This snapshot has a current binding; see below.
  1. "Parser investigation" (open · this thread) · rejoined
List numbers are display conveniences. /memory join <scope-ID> · /memory end <scope-ID> · /memory leave
