---
source: tui/src/stateful_memory_receipts_tests.rs
expression: rendered
---
• Saved 2 project rules in your words: "Always end each reply with Next:" · "Don't touch vendor/ or any changelog."
  1 already saved before
  Undo: /memory undo rules-1
---
• Not restored (you forgot these earlier): "Don't touch vendor/ or any changelog."
  Held back with them, nothing saved: "Never push."
  To use a forgotten rule again: /memory add rule <text>
---
• Kept for your review, not applied:
  decision: "Use SQLite, not Postgres: must run offline on a laptop." (assistant's reading)
    Apply makes these your words: "We'll use SQLite rather than Postgres, because the tool must run offline on a laptop."
    Apply: /memory apply proposal-d@1 decision
  ruled-out approach: "For this task only, the cache is not the cause." (assistant's reading)
    Not applicable as kept (it does not cite your whole message, or its scope is unresolved); /memory add saves your own words
  note: "Timing measured on the CI runner." (assistant's reading)
  Undo: /memory undo proposal-1
---
• Applied as your decision: "We'll use SQLite rather than Postgres, because the tool must run offline on a laptop." (shortened)
  Shortened above; exact words in /memory under proposal-d@2
  Undo: /memory undo promotion-1
---
• Undone: 1 no longer used, 1 saved earlier left as it was
