---
source: tui/src/memory_receipts_tests.rs
expression: "render(&cell, 160)"
---
Where things stand · as of T1790000000
  Last finished T1789990000: "Draft sections 4–7 and cite § 2.3 — not the summary"
  Your rules (2):
    1. "British spelling throughout."
    2. "Never call the product “revolutionary”."
  Decision: "Cut the history section." because "the editor said it reads as filler"
  Decision: "Use SQLite." (no reason recorded) (the assistant's conclusion)
  Open check: "Does Ananya want US spelling?"
  Remembered from workspace history: abc12345: Draft conclusion · and 4 more
  1 more decision or check · /memory
  1 capture could not finish since the last finished work; something you said may be missing · /memory add
  Capture gaps from before the last finished work are not tracked here.
  Some earlier work could not be read, so this may not be the latest.
  Say where you want to pick up.
