---
source: tui/src/memory_receipts_tests.rs
expression: "[status, quiet, unavailable, exit, exit_persistent, exit_quiet,\nexit_unknown,].join(\"\\n---\\n\")"
---
 Project memory: 2 rules · 1 decision · 1 open check · 1 note about you · 5 remembered commits
 In this session's threads: 2 saved · 1 corrected · 1 forgotten · 3 commits remembered from workspace history
 /memory to review · counted from saved changes
---
 Project memory: nothing saved yet
 In this session's threads: nothing saved or changed yet
 /memory to review · counted from saved changes
---
 Project memory: could not be read right now
---
Project memory, changes in this session's threads: 2 saved, 1 corrected, 1 forgotten, 3 commits remembered from workspace history.
Your Collaborative run stays open; nothing works on it until you resume this session.
---
Project memory, changes in this session's threads: 2 saved, 1 corrected, 1 forgotten, 3 commits remembered from workspace history (incomplete: some project memory could not be read).
Your Collaborative run stays open on the server; work already under way there may continue.
---
Project memory: nothing was saved or changed in this session's threads.
---
Project memory: this session's changes could not be counted; /memory shows what is saved.
