---
source: tui/src/stateful_memory_tests.rs
expression: render(help.display_lines(180))
---
/memory - list what this project remembers (no model turn)
/memory next - show the next entries of a long list (/memory refresh lists again)
/memory add rule <text> - add a rule in your words
/memory add about-me <text> - add something about you
/memory add decision <choice> because <reason> - add a decision with its reason
/memory add note <text> - add anything else worth keeping
/memory correct <ID@REV> <text> - replace an entry with your words
/memory forget <ID@REV> - stop using an entry (it stays in history)
/memory apply <ID@REV> <rule|decision|ruled-out> - make a kept proposal yours (shown on its receipt)
/memory undo <receipt-id> - undo one receipt: what it saved stops applying
List numbers are display conveniences; mutations require explicit IDs. Outside the TUI: codex memory --help
